Archive member included to satisfy reference by file (symbol)

c:/program files (x86)/atollic/truestudio for stm32 9.3.0/armtools/bin/../lib/gcc/arm-atollic-eabi/6.3.1/../../../../arm-atollic-eabi/lib/armv7e-m/fpu\libc_nano.a(lib_a-errno.o)
                              Core\Src\syscalls.o (__errno)
c:/program files (x86)/atollic/truestudio for stm32 9.3.0/armtools/bin/../lib/gcc/arm-atollic-eabi/6.3.1/../../../../arm-atollic-eabi/lib/armv7e-m/fpu\libc_nano.a(lib_a-impure.o)
                              c:/program files (x86)/atollic/truestudio for stm32 9.3.0/armtools/bin/../lib/gcc/arm-atollic-eabi/6.3.1/../../../../arm-atollic-eabi/lib/armv7e-m/fpu\libc_nano.a(lib_a-errno.o) (_impure_ptr)
c:/program files (x86)/atollic/truestudio for stm32 9.3.0/armtools/bin/../lib/gcc/arm-atollic-eabi/6.3.1/../../../../arm-atollic-eabi/lib/armv7e-m/fpu\libc_nano.a(lib_a-init.o)
                              startup\startup_stm32f446xx.o (__libc_init_array)
c:/program files (x86)/atollic/truestudio for stm32 9.3.0/armtools/bin/../lib/gcc/arm-atollic-eabi/6.3.1/../../../../arm-atollic-eabi/lib/armv7e-m/fpu\libc_nano.a(lib_a-memset.o)
                              Core\Src\can.o (memset)
c:/program files (x86)/atollic/truestudio for stm32 9.3.0/armtools/bin/../lib/gcc/arm-atollic-eabi/6.3.1/armv7e-m/fpu\libgcc.a(_aeabi_uldivmod.o)
                              Drivers\STM32F4xx_HAL_Driver\Src\stm32f4xx_hal_rcc.o (__aeabi_uldivmod)
c:/program files (x86)/atollic/truestudio for stm32 9.3.0/armtools/bin/../lib/gcc/arm-atollic-eabi/6.3.1/armv7e-m/fpu\libgcc.a(_udivmoddi4.o)
                              c:/program files (x86)/atollic/truestudio for stm32 9.3.0/armtools/bin/../lib/gcc/arm-atollic-eabi/6.3.1/armv7e-m/fpu\libgcc.a(_aeabi_uldivmod.o) (__udivmoddi4)
c:/program files (x86)/atollic/truestudio for stm32 9.3.0/armtools/bin/../lib/gcc/arm-atollic-eabi/6.3.1/armv7e-m/fpu\libgcc.a(unwind-arm.o)
                              Core\Src\main.o (__aeabi_unwind_cpp_pr0)
c:/program files (x86)/atollic/truestudio for stm32 9.3.0/armtools/bin/../lib/gcc/arm-atollic-eabi/6.3.1/armv7e-m/fpu\libgcc.a(libunwind.o)
                              c:/program files (x86)/atollic/truestudio for stm32 9.3.0/armtools/bin/../lib/gcc/arm-atollic-eabi/6.3.1/armv7e-m/fpu\libgcc.a(unwind-arm.o) (restore_core_regs)
c:/program files (x86)/atollic/truestudio for stm32 9.3.0/armtools/bin/../lib/gcc/arm-atollic-eabi/6.3.1/armv7e-m/fpu\libgcc.a(pr-support.o)
                              c:/program files (x86)/atollic/truestudio for stm32 9.3.0/armtools/bin/../lib/gcc/arm-atollic-eabi/6.3.1/armv7e-m/fpu\libgcc.a(unwind-arm.o) (__gnu_unwind_execute)
c:/program files (x86)/atollic/truestudio for stm32 9.3.0/armtools/bin/../lib/gcc/arm-atollic-eabi/6.3.1/armv7e-m/fpu\libgcc.a(_dvmd_tls.o)
                              c:/program files (x86)/atollic/truestudio for stm32 9.3.0/armtools/bin/../lib/gcc/arm-atollic-eabi/6.3.1/armv7e-m/fpu\libgcc.a(_aeabi_uldivmod.o) (__aeabi_ldiv0)
c:/program files (x86)/atollic/truestudio for stm32 9.3.0/armtools/bin/../lib/gcc/arm-atollic-eabi/6.3.1/../../../../arm-atollic-eabi/lib/armv7e-m/fpu\libc_nano.a(lib_a-abort.o)
                              c:/program files (x86)/atollic/truestudio for stm32 9.3.0/armtools/bin/../lib/gcc/arm-atollic-eabi/6.3.1/armv7e-m/fpu\libgcc.a(unwind-arm.o) (abort)
c:/program files (x86)/atollic/truestudio for stm32 9.3.0/armtools/bin/../lib/gcc/arm-atollic-eabi/6.3.1/../../../../arm-atollic-eabi/lib/armv7e-m/fpu\libc_nano.a(lib_a-memcpy-stub.o)
                              c:/program files (x86)/atollic/truestudio for stm32 9.3.0/armtools/bin/../lib/gcc/arm-atollic-eabi/6.3.1/armv7e-m/fpu\libgcc.a(unwind-arm.o) (memcpy)
c:/program files (x86)/atollic/truestudio for stm32 9.3.0/armtools/bin/../lib/gcc/arm-atollic-eabi/6.3.1/../../../../arm-atollic-eabi/lib/armv7e-m/fpu\libc_nano.a(lib_a-signal.o)
                              c:/program files (x86)/atollic/truestudio for stm32 9.3.0/armtools/bin/../lib/gcc/arm-atollic-eabi/6.3.1/../../../../arm-atollic-eabi/lib/armv7e-m/fpu\libc_nano.a(lib_a-abort.o) (raise)
c:/program files (x86)/atollic/truestudio for stm32 9.3.0/armtools/bin/../lib/gcc/arm-atollic-eabi/6.3.1/../../../../arm-atollic-eabi/lib/armv7e-m/fpu\libc_nano.a(lib_a-signalr.o)
                              c:/program files (x86)/atollic/truestudio for stm32 9.3.0/armtools/bin/../lib/gcc/arm-atollic-eabi/6.3.1/../../../../arm-atollic-eabi/lib/armv7e-m/fpu\libc_nano.a(lib_a-signal.o) (_kill_r)
c:/program files (x86)/atollic/truestudio for stm32 9.3.0/armtools/bin/../lib/gcc/arm-atollic-eabi/6.3.1/../../../../arm-atollic-eabi/lib/armv7e-m/fpu\libc_nano.a(lib_a-nano-mallocr.o)
                              c:/program files (x86)/atollic/truestudio for stm32 9.3.0/armtools/bin/../lib/gcc/arm-atollic-eabi/6.3.1/../../../../arm-atollic-eabi/lib/armv7e-m/fpu\libc_nano.a(lib_a-signal.o) (_malloc_r)
[...]
Memory Configuration

Name             Origin             Length             Attributes
RAM              0x20000000         0x00020000         xrw
FLASH            0x08000000         0x00080000         xr
*default*        0x00000000         0xffffffff

Linker script and memory map

LOAD c:/program files (x86)/atollic/truestudio for stm32 9.3.0/armtools/bin/../lib/gcc/arm-atollic-eabi/6.3.1/armv7e-m/fpu/crti.o
LOAD c:/program files (x86)/atollic/truestudio for stm32 9.3.0/armtools/bin/../lib/gcc/arm-atollic-eabi/6.3.1/armv7e-m/fpu/crtbegin.o
LOAD Core\Src\can.o
LOAD Core\Src\dac.o
LOAD Core\Src\gpio.o
LOAD Core\Src\main.o
LOAD Core\Src\sdio.o
LOAD Core\Src\spi.o
LOAD Core\Src\stm32f4xx_hal_msp.o
LOAD Core\Src\stm32f4xx_it.o
LOAD Core\Src\syscalls.o
LOAD Core\Src\system_stm32f4xx.o
LOAD Core\Src\tim.o
LOAD Core\Src\usart.o
LOAD Drivers\STM32F4xx_HAL_Driver\Src\stm32f4xx_hal.o
LOAD Drivers\STM32F4xx_HAL_Driver\Src\stm32f4xx_hal_can.o
LOAD Drivers\STM32F4xx_HAL_Driver\Src\stm32f4xx_hal_cortex.o
LOAD Drivers\STM32F4xx_HAL_Driver\Src\stm32f4xx_hal_dac.o
LOAD Drivers\STM32F4xx_HAL_Driver\Src\stm32f4xx_hal_dac_ex.o
LOAD Drivers\STM32F4xx_HAL_Driver\Src\stm32f4xx_hal_dma.o
LOAD Drivers\STM32F4xx_HAL_Driver\Src\stm32f4xx_hal_dma_ex.o
LOAD Drivers\STM32F4xx_HAL_Driver\Src\stm32f4xx_hal_exti.o
LOAD Drivers\STM32F4xx_HAL_Driver\Src\stm32f4xx_hal_flash.o
LOAD Drivers\STM32F4xx_HAL_Driver\Src\stm32f4xx_hal_flash_ex.o
LOAD Drivers\STM32F4xx_HAL_Driver\Src\stm32f4xx_hal_flash_ramfunc.o
LOAD Drivers\STM32F4xx_HAL_Driver\Src\stm32f4xx_hal_gpio.o
LOAD Drivers\STM32F4xx_HAL_Driver\Src\stm32f4xx_hal_pwr.o
LOAD Drivers\STM32F4xx_HAL_Driver\Src\stm32f4xx_hal_pwr_ex.o
LOAD Drivers\STM32F4xx_HAL_Driver\Src\stm32f4xx_hal_rcc.o
LOAD Drivers\STM32F4xx_HAL_Driver\Src\stm32f4xx_hal_rcc_ex.o
LOAD Drivers\STM32F4xx_HAL_Driver\Src\stm32f4xx_hal_sd.o
LOAD Drivers\STM32F4xx_HAL_Driver\Src\stm32f4xx_hal_spi.o
LOAD Drivers\STM32F4xx_HAL_Driver\Src\stm32f4xx_hal_tim.o
LOAD Drivers\STM32F4xx_HAL_Driver\Src\stm32f4xx_hal_tim_ex.o
LOAD Drivers\STM32F4xx_HAL_Driver\Src\stm32f4xx_hal_uart.o
LOAD Drivers\STM32F4xx_HAL_Driver\Src\stm32f4xx_ll_sdmmc.o
LOAD FATFS\App\fatfs.o
LOAD FATFS\Target\bsp_driver_sd.o
LOAD FATFS\Target\fatfs_platform.o
LOAD FATFS\Target\sd_diskio.o
LOAD Middlewares\Third_Party\FatFs\src\diskio.o
LOAD Middlewares\Third_Party\FatFs\src\ff.o
LOAD Middlewares\Third_Party\FatFs\src\ff_gen_drv.o
LOAD Middlewares\Third_Party\FatFs\src\option\syscall.o
LOAD startup\startup_stm32f446xx.o
                0x00001000                malloc_getpagesize_P = 0x1000
START GROUP
LOAD c:/program files (x86)/atollic/truestudio for stm32 9.3.0/armtools/bin/../lib/gcc/arm-atollic-eabi/6.3.1/../../../../arm-atollic-eabi/lib/armv7e-m/fpu\libstdc++_nano.a
LOAD c:/program files (x86)/atollic/truestudio for stm32 9.3.0/armtools/bin/../lib/gcc/arm-atollic-eabi/6.3.1/../../../../arm-atollic-eabi/lib/armv7e-m/fpu\libsupc++_nano.a
END GROUP
LOAD c:/program files (x86)/atollic/truestudio for stm32 9.3.0/armtools/bin/../lib/gcc/arm-atollic-eabi/6.3.1/../../../../arm-atollic-eabi/lib/armv7e-m/fpu\libstdc++_nano.a
LOAD c:/program files (x86)/atollic/truestudio for stm32 9.3.0/armtools/bin/../lib/gcc/arm-atollic-eabi/6.3.1/../../../../arm-atollic-eabi/lib/armv7e-m/fpu\libm.a
LOAD c:/program files (x86)/atollic/truestudio for stm32 9.3.0/armtools/bin/../lib/gcc/arm-atollic-eabi/6.3.1/../../../../arm-atollic-eabi/lib/armv7e-m/fpu\libc_nano.a
START GROUP
LOAD c:/program files (x86)/atollic/truestudio for stm32 9.3.0/armtools/bin/../lib/gcc/arm-atollic-eabi/6.3.1/armv7e-m/fpu\libgcc.a
LOAD c:/program files (x86)/atollic/truestudio for stm32 9.3.0/armtools/bin/../lib/gcc/arm-atollic-eabi/6.3.1/../../../../arm-atollic-eabi/lib/armv7e-m/fpu\libc_nano.a
END GROUP
START GROUP
LOAD c:/program files (x86)/atollic/truestudio for stm32 9.3.0/armtools/bin/../lib/gcc/arm-atollic-eabi/6.3.1/armv7e-m/fpu\libgcc.a
LOAD c:/program files (x86)/atollic/truestudio for stm32 9.3.0/armtools/bin/../lib/gcc/arm-atollic-eabi/6.3.1/../../../../arm-atollic-eabi/lib/armv7e-m/fpu\libc_nano.a
LOAD c:/program files (x86)/atollic/truestudio for stm32 9.3.0/armtools/bin/../lib/gcc/arm-atollic-eabi/6.3.1/../../../../arm-atollic-eabi/lib/armv7e-m/fpu\libnosys.a
END GROUP
START GROUP
LOAD c:/program files (x86)/atollic/truestudio for stm32 9.3.0/armtools/bin/../lib/gcc/arm-atollic-eabi/6.3.1/armv7e-m/fpu\libgcc.a
LOAD c:/program files (x86)/atollic/truestudio for stm32 9.3.0/armtools/bin/../lib/gcc/arm-atollic-eabi/6.3.1/../../../../arm-atollic-eabi/lib/armv7e-m/fpu\libc_nano.a
LOAD c:/program files (x86)/atollic/truestudio for stm32 9.3.0/armtools/bin/../lib/gcc/arm-atollic-eabi/6.3.1/../../../../arm-atollic-eabi/lib/armv7e-m/fpu\libnosys.a
END GROUP
LOAD c:/program files (x86)/atollic/truestudio for stm32 9.3.0/armtools/bin/../lib/gcc/arm-atollic-eabi/6.3.1/armv7e-m/fpu/crtend.o
LOAD c:/program files (x86)/atollic/truestudio for stm32 9.3.0/armtools/bin/../lib/gcc/arm-atollic-eabi/6.3.1/armv7e-m/fpu/crtn.o
                0x20020000                _estack = 0x20020000
                0x00000200                _Min_Heap_Size = 0x200
                0x00000400                _Min_Stack_Size = 0x400

.isr_vector     0x08000000      0x1c4
                0x08000000                . = ALIGN (0x4)
 *(.isr_vector)
 .isr_vector    0x08000000      0x1c4 startup\startup_stm32f446xx.o
                0x08000000                g_pfnVectors
                0x080001c4                . = ALIGN (0x4)

.text           0x080001c4     0x36f0
                0x080001c4                . = ALIGN (0x4)
 *(.text)
 .text          0x080001c4       0x40 c:/program files (x86)/atollic/truestudio for stm32 9.3.0/armtools/bin/../lib/gcc/arm-atollic-eabi/6.3.1/armv7e-m/fpu/crtbegin.o
 .text          0x08000204       0x30 c:/program files (x86)/atollic/truestudio for stm32 9.3.0/armtools/bin/../lib/gcc/arm-atollic-eabi/6.3.1/armv7e-m/fpu\libgcc.a(_aeabi_uldivmod.o)
                0x08000204                __aeabi_uldivmod
 .text          0x08000234      0x2dc c:/program files (x86)/atollic/truestudio for stm32 9.3.0/armtools/bin/../lib/gcc/arm-atollic-eabi/6.3.1/armv7e-m/fpu\libgcc.a(_udivmoddi4.o)
                0x08000234                __udivmoddi4
 .text          0x08000510      0x9cc c:/program files (x86)/atollic/truestudio for stm32 9.3.0/armtools/bin/../lib/gcc/arm-atollic-eabi/6.3.1/armv7e-m/fpu\libgcc.a(unwind-arm.o)
                0x080007d0                _Unwind_GetCFA
                0x080007d4                __gnu_Unwind_RaiseException
                0x08000834                __gnu_Unwind_ForcedUnwind
                0x08000848                __gnu_Unwind_Resume
                0x0800088c                __gnu_Unwind_Resume_or_Rethrow
                0x0800089c                _Unwind_Complete
                0x080008a0                _Unwind_DeleteException
                0x080008ac                _Unwind_VRS_Get
                0x080008f8                _Unwind_VRS_Set
                0x08000948                __gnu_Unwind_Backtrace
                0x08000c88                __aeabi_unwind_cpp_pr0
                0x08000c8c                __aeabi_unwind_cpp_pr1
                0x08000c90                __aeabi_unwind_cpp_pr2
                0x08000c94                _Unwind_VRS_Pop
 .text          0x08000edc      0x1ac c:/program files (x86)/atollic/truestudio for stm32 9.3.0/armtools/bin/../lib/gcc/arm-atollic-eabi/6.3.1/armv7e-m/fpu\libgcc.a(libunwind.o)
                0x08000edc                __restore_core_regs
                0x08000edc                restore_core_regs
                0x08000ef4                __gnu_Unwind_Restore_VFP
                0x08000efc                __gnu_Unwind_Save_VFP
                0x08000f04                __gnu_Unwind_Restore_VFP_D
                0x08000f0c                __gnu_Unwind_Save_VFP_D
                0x08000f14                __gnu_Unwind_Restore_VFP_D_16_to_31
                0x08000f1c                __gnu_Unwind_Save_VFP_D_16_to_31
                0x08000f24                __gnu_Unwind_Restore_WMMXD
                0x08000f68                __gnu_Unwind_Save_WMMXD
                0x08000fac                __gnu_Unwind_Restore_WMMXC
                0x08000fc0                __gnu_Unwind_Save_WMMXC
                0x08000fd4                ___Unwind_RaiseException
                0x08000fd4                _Unwind_RaiseException
                0x08000ff8                _Unwind_Resume
                0x08000ff8                ___Unwind_Resume
                0x0800101c                _Unwind_Resume_or_Rethrow
                0x0800101c                ___Unwind_Resume_or_Rethrow
                0x08001040                _Unwind_ForcedUnwind
                0x08001040                ___Unwind_ForcedUnwind
                0x08001064                ___Unwind_Backtrace
                0x08001064                _Unwind_Backtrace
 .text          0x08001088      0x380 c:/program files (x86)/atollic/truestudio for stm32 9.3.0/armtools/bin/../lib/gcc/arm-atollic-eabi/6.3.1/armv7e-m/fpu\libgcc.a(pr-support.o)
                0x080010e0                __gnu_unwind_execute
                0x080013b0                __gnu_unwind_frame
                0x080013d8                _Unwind_GetRegionStart
                0x080013e4                _Unwind_GetLanguageSpecificData
                0x080013f8                _Unwind_GetTextRelBase
                0x08001400                _Unwind_GetDataRelBase
 .text          0x08001408        0x4 c:/program files (x86)/atollic/truestudio for stm32 9.3.0/armtools/bin/../lib/gcc/arm-atollic-eabi/6.3.1/armv7e-m/fpu\libgcc.a(_dvmd_tls.o)
                0x08001408                __aeabi_idiv0
                0x08001408                __aeabi_ldiv0
 *(.text*)
 .text.MX_CAN2_Init
                0x0800140c       0x3c Core\Src\can.o
                0x0800140c                MX_CAN2_Init
 .text.HAL_CAN_MspInit
                0x08001448       0xa0 Core\Src\can.o
                0x08001448                HAL_CAN_MspInit
 .text.MX_DAC_Init
                0x080014e8       0x38 Core\Src\dac.o
                0x080014e8                MX_DAC_Init
 .text.HAL_DAC_MspInit
                0x08001520       0x64 Core\Src\dac.o
                0x08001520                HAL_DAC_MspInit
 .text.MX_GPIO_Init
                0x08001584       0xd0 Core\Src\gpio.o
                0x08001584                MX_GPIO_Init
 .text.main     0x08001654       0x2a Core\Src\main.o
                0x08001654                main
 *fill*         0x0800167e        0x2 
 .text.HAL_CAN_RxFifo0MsgPendingCallback
                0x08001680       0x4c Core\Src\main.o
                0x08001680                HAL_CAN_RxFifo0MsgPendingCallback
 .text.HAL_TIM_PeriodElapsedCallback
                0x080016cc       0xa0 Core\Src\main.o
                0x080016cc                HAL_TIM_PeriodElapsedCallback
 .text.aggSensMemoria
                0x0800176c       0xf8 Core\Src\main.o
                0x0800176c                aggSensMemoria
 .text.RoutineAccelerometro
                0x08001864       0x18 Core\Src\main.o
                0x08001864                RoutineAccelerometro
 .text.RoutineRF
                0x0800187c       0x18 Core\Src\main.o
                0x0800187c                RoutineRF
 .text.RoutineGiroscopio
                0x08001894       0x18 Core\Src\main.o
                0x08001894                RoutineGiroscopio
 .text.RoutineSmot
                0x080018ac       0x18 Core\Src\main.o
                0x080018ac                RoutineSmot
 .text.RoutineV
                0x080018c4       0x18 Core\Src\main.o
                0x080018c4                RoutineV
 .text.RoutineAPPS
                0x080018dc       0x18 Core\Src\main.o
                0x080018dc                RoutineAPPS
 .text.RoutineTPS
                0x080018f4       0x18 Core\Src\main.o
                0x080018f4                RoutineTPS
 .text.RoutineDAC
                0x0800190c       0x18 Core\Src\main.o
                0x0800190c                RoutineDAC
 .text.RoutineFrizione
                0x08001924       0x18 Core\Src\main.o
                0x08001924                RoutineFrizione
 .text.RoutineMarcia
                0x0800193c       0x18 Core\Src\main.o
                0x0800193c                RoutineMarcia
 .text.RoutineTempAcqua
                0x08001954       0x18 Core\Src\main.o
                0x08001954                RoutineTempAcqua
 .text.RoutineTempOlio
                0x0800196c       0x18 Core\Src\main.o
                0x0800196c                RoutineTempOlio
 .text.RoutineTempAria
                0x08001984       0x18 Core\Src\main.o
                0x08001984                RoutineTempAria
 .text._Z18SystemClock_Configv
                0x0800199c      0x138 Core\Src\main.o
                0x0800199c                SystemClock_Config()
 .text.Error_Handler
                0x08001ad4        0xe Core\Src\main.o
                0x08001ad4                Error_Handler
 *fill*         0x08001ae2        0x2 
 .text.MX_SDIO_SD_Init
                0x08001ae4       0x20 Core\Src\sdio.o
                0x08001ae4                MX_SDIO_SD_Init
 .text.MX_SPI2_Init
                0x08001b04       0x44 Core\Src\spi.o
                0x08001b04                MX_SPI2_Init
 .text.HAL_SPI_MspInit
                0x08001b48       0xac Core\Src\spi.o
                0x08001b48                HAL_SPI_MspInit
 .text.HAL_MspInit
                0x08001bf4       0x40 Core\Src\stm32f4xx_hal_msp.o
                0x08001bf4                HAL_MspInit
 .text.NMI_Handler
                0x08001c34        0x2 Core\Src\stm32f4xx_it.o
                0x08001c34                NMI_Handler
 .text.HardFault_Handler
                0x08001c36        0x2 Core\Src\stm32f4xx_it.o
                0x08001c36                HardFault_Handler
 .text.MemManage_Handler
                0x08001c38        0x2 Core\Src\stm32f4xx_it.o
                0x08001c38                MemManage_Handler
 .text.BusFault_Handler
                0x08001c3a        0x2 Core\Src\stm32f4xx_it.o
                0x08001c3a                BusFault_Handler
 .text.UsageFault_Handler
                0x08001c3c        0x2 Core\Src\stm32f4xx_it.o
                0x08001c3c                UsageFault_Handler
 .text.SVC_Handler
                0x08001c3e        0x2 Core\Src\stm32f4xx_it.o
                0x08001c3e                SVC_Handler
 .text.DebugMon_Handler
                0x08001c40        0x2 Core\Src\stm32f4xx_it.o
                0x08001c40                DebugMon_Handler
 .text.PendSV_Handler
                0x08001c42        0x2 Core\Src\stm32f4xx_it.o
                0x08001c42                PendSV_Handler
 .text.SysTick_Handler
                0x08001c44        0x4 Core\Src\stm32f4xx_it.o
                0x08001c44                SysTick_Handler
 .text.TIM2_IRQHandler
                0x08001c48        0xc Core\Src\stm32f4xx_it.o
                0x08001c48                TIM2_IRQHandler
 .text.CAN2_RX0_IRQHandler
                0x08001c54        0xc Core\Src\stm32f4xx_it.o
                0x08001c54                CAN2_RX0_IRQHandler
 .text.CAN2_TX_IRQHandler
                0x08001c60        0x4 Core\Src\stm32f4xx_it.o
                0x08001c60                CAN2_TX_IRQHandler
 .text._getpid  0x08001c64        0x4 Core\Src\syscalls.o
                0x08001c64                _getpid
 .text._kill    0x08001c68       0x10 Core\Src\syscalls.o
                0x08001c68                _kill
 .text._exit    0x08001c78        0xc Core\Src\syscalls.o
                0x08001c78                _exit
 .text.SystemInit
                0x08001c84       0x1c Core\Src\system_stm32f4xx.o
                0x08001c84                SystemInit
 .text.MX_TIM2_Init
                0x08001ca0       0x60 Core\Src\tim.o
                0x08001ca0                MX_TIM2_Init
 .text.HAL_TIM_Base_MspInit
                0x08001d00       0x38 Core\Src\tim.o
                0x08001d00                HAL_TIM_Base_MspInit
 .text.MX_USART2_UART_Init
                0x08001d38       0x44 Core\Src\usart.o
                0x08001d38                MX_USART2_UART_Init
 .text.HAL_UART_MspInit
                0x08001d7c       0x70 Core\Src\usart.o
                0x08001d7c                HAL_UART_MspInit
 .text.adjustTimestamp
                0x08001dec       0x6a Core\Src\usart.o
                0x08001dec                adjustTimestamp
 .text.adjustID
                0x08001e56       0x5c Core\Src\usart.o
                0x08001e56                adjustID
 .text.adjustValue
                0x08001eb2       0xc0 Core\Src\usart.o
                0x08001eb2                adjustValue
 *fill*         0x08001f72        0x2 
 .text.dumpMemoriaUART
                0x08001f74       0x50 Core\Src\usart.o
                0x08001f74                dumpMemoriaUART
 .text.HAL_InitTick
                0x08001fc4       0x48 Drivers\STM32F4xx_HAL_Driver\Src\stm32f4xx_hal.o
                0x08001fc4                HAL_InitTick
 .text.HAL_Init
                0x0800200c       0x34 Drivers\STM32F4xx_HAL_Driver\Src\stm32f4xx_hal.o
                0x0800200c                HAL_Init
 .text.HAL_IncTick
                0x08002040       0x18 Drivers\STM32F4xx_HAL_Driver\Src\stm32f4xx_hal.o
                0x08002040                HAL_IncTick
 .text.HAL_GetTick
                0x08002058        0xc Drivers\STM32F4xx_HAL_Driver\Src\stm32f4xx_hal.o
                0x08002058                HAL_GetTick
 .text.HAL_CAN_Init
                0x08002064       0xf6 Drivers\STM32F4xx_HAL_Driver\Src\stm32f4xx_hal_can.o
                0x08002064                HAL_CAN_Init
 .text.HAL_CAN_GetRxMessage
                0x0800215a       0xec Drivers\STM32F4xx_HAL_Driver\Src\stm32f4xx_hal_can.o
                0x0800215a                HAL_CAN_GetRxMessage
 .text.HAL_CAN_ActivateNotification
                0x08002246       0x22 Drivers\STM32F4xx_HAL_Driver\Src\stm32f4xx_hal_can.o
                0x08002246                HAL_CAN_ActivateNotification
 .text.HAL_CAN_DeactivateNotification
                0x08002268       0x24 Drivers\STM32F4xx_HAL_Driver\Src\stm32f4xx_hal_can.o
                0x08002268                HAL_CAN_DeactivateNotification
 .text.HAL_CAN_TxMailbox0CompleteCallback
                0x0800228c        0x2 Drivers\STM32F4xx_HAL_Driver\Src\stm32f4xx_hal_can.o
                0x0800228c                HAL_CAN_TxMailbox0CompleteCallback
 .text.HAL_CAN_TxMailbox1CompleteCallback
                0x0800228e        0x2 Drivers\STM32F4xx_HAL_Driver\Src\stm32f4xx_hal_can.o
                0x0800228e                HAL_CAN_TxMailbox1CompleteCallback
 .text.HAL_CAN_TxMailbox2CompleteCallback
                0x08002290        0x2 Drivers\STM32F4xx_HAL_Driver\Src\stm32f4xx_hal_can.o
                0x08002290                HAL_CAN_TxMailbox2CompleteCallback
 .text.HAL_CAN_TxMailbox0AbortCallback
                0x08002292        0x2 Drivers\STM32F4xx_HAL_Driver\Src\stm32f4xx_hal_can.o
                0x08002292                HAL_CAN_TxMailbox0AbortCallback
 .text.HAL_CAN_TxMailbox1AbortCallback
                0x08002294        0x2 Drivers\STM32F4xx_HAL_Driver\Src\stm32f4xx_hal_can.o
                0x08002294                HAL_CAN_TxMailbox1AbortCallback
 .text.HAL_CAN_TxMailbox2AbortCallback
                0x08002296        0x2 Drivers\STM32F4xx_HAL_Driver\Src\stm32f4xx_hal_can.o
                0x08002296                HAL_CAN_TxMailbox2AbortCallback
 .text.HAL_CAN_RxFifo0FullCallback
                0x08002298        0x2 Drivers\STM32F4xx_HAL_Driver\Src\stm32f4xx_hal_can.o
                0x08002298                HAL_CAN_RxFifo0FullCallback
 .text.HAL_CAN_RxFifo1MsgPendingCallback
                0x0800229a        0x2 Drivers\STM32F4xx_HAL_Driver\Src\stm32f4xx_hal_can.o
                0x0800229a                HAL_CAN_RxFifo1MsgPendingCallback
 .text.HAL_CAN_RxFifo1FullCallback
                0x0800229c        0x2 Drivers\STM32F4xx_HAL_Driver\Src\stm32f4xx_hal_can.o
                0x0800229c                HAL_CAN_RxFifo1FullCallback
 .text.HAL_CAN_SleepCallback
                0x0800229e        0x2 Drivers\STM32F4xx_HAL_Driver\Src\stm32f4xx_hal_can.o
                0x0800229e                HAL_CAN_SleepCallback
 .text.HAL_CAN_WakeUpFromRxMsgCallback
                0x080022a0        0x2 Drivers\STM32F4xx_HAL_Driver\Src\stm32f4xx_hal_can.o
                0x080022a0                HAL_CAN_WakeUpFromRxMsgCallback
 .text.HAL_CAN_ErrorCallback
                0x080022a2        0x2 Drivers\STM32F4xx_HAL_Driver\Src\stm32f4xx_hal_can.o
                0x080022a2                HAL_CAN_ErrorCallback
 .text.HAL_CAN_IRQHandler
                0x080022a4      0x1fc Drivers\STM32F4xx_HAL_Driver\Src\stm32f4xx_hal_can.o
                0x080022a4                HAL_CAN_IRQHandler
 .text.HAL_NVIC_SetPriorityGrouping
                0x080024a0       0x24 Drivers\STM32F4xx_HAL_Driver\Src\stm32f4xx_hal_cortex.o
                0x080024a0                HAL_NVIC_SetPriorityGrouping
 .text.HAL_NVIC_SetPriority
                0x080024c4       0x68 Drivers\STM32F4xx_HAL_Driver\Src\stm32f4xx_hal_cortex.o
                0x080024c4                HAL_NVIC_SetPriority
 .text.HAL_NVIC_EnableIRQ
                0x0800252c       0x1c Drivers\STM32F4xx_HAL_Driver\Src\stm32f4xx_hal_cortex.o
                0x0800252c                HAL_NVIC_EnableIRQ
 .text.HAL_SYSTICK_Config
                0x08002548       0x2c Drivers\STM32F4xx_HAL_Driver\Src\stm32f4xx_hal_cortex.o
                0x08002548                HAL_SYSTICK_Config
 .text.HAL_DAC_Init
                0x08002574       0x26 Drivers\STM32F4xx_HAL_Driver\Src\stm32f4xx_hal_dac.o
                0x08002574                HAL_DAC_Init
 .text.HAL_DAC_ConfigChannel
                0x0800259a       0x40 Drivers\STM32F4xx_HAL_Driver\Src\stm32f4xx_hal_dac.o
                0x0800259a                HAL_DAC_ConfigChannel
 *fill*         0x080025da        0x2 
 .text.HAL_GPIO_Init
                0x080025dc      0x1b4 Drivers\STM32F4xx_HAL_Driver\Src\stm32f4xx_hal_gpio.o
                0x080025dc                HAL_GPIO_Init
 .text.HAL_GPIO_WritePin
                0x08002790        0xa Drivers\STM32F4xx_HAL_Driver\Src\stm32f4xx_hal_gpio.o
                0x08002790                HAL_GPIO_WritePin
 *fill*         0x0800279a        0x2 
 .text.HAL_RCC_ClockConfig
                0x0800279c      0x138 Drivers\STM32F4xx_HAL_Driver\Src\stm32f4xx_hal_rcc.o
                0x0800279c                HAL_RCC_ClockConfig
 .text.HAL_RCC_GetPCLK1Freq
                0x080028d4       0x20 Drivers\STM32F4xx_HAL_Driver\Src\stm32f4xx_hal_rcc.o
                0x080028d4                HAL_RCC_GetPCLK1Freq
 .text.HAL_RCC_GetPCLK2Freq
                0x080028f4       0x20 Drivers\STM32F4xx_HAL_Driver\Src\stm32f4xx_hal_rcc.o
                0x080028f4                HAL_RCC_GetPCLK2Freq
 .text.HAL_RCCEx_PeriphCLKConfig
                0x08002914      0x410 Drivers\STM32F4xx_HAL_Driver\Src\stm32f4xx_hal_rcc_ex.o
                0x08002914                HAL_RCCEx_PeriphCLKConfig
 .text.HAL_RCC_GetSysClockFreq
                0x08002d24       0x90 Drivers\STM32F4xx_HAL_Driver\Src\stm32f4xx_hal_rcc_ex.o
                0x08002d24                HAL_RCC_GetSysClockFreq
 .text.HAL_RCC_OscConfig
                0x08002db4      0x334 Drivers\STM32F4xx_HAL_Driver\Src\stm32f4xx_hal_rcc_ex.o
                0x08002db4                HAL_RCC_OscConfig
 .text.HAL_SPI_Init
                0x080030e8       0x7a Drivers\STM32F4xx_HAL_Driver\Src\stm32f4xx_hal_spi.o
                0x080030e8                HAL_SPI_Init
 .text.HAL_TIM_OC_DelayElapsedCallback
                0x08003162        0x2 Drivers\STM32F4xx_HAL_Driver\Src\stm32f4xx_hal_tim.o
                0x08003162                HAL_TIM_OC_DelayElapsedCallback
 .text.HAL_TIM_IC_CaptureCallback
                0x08003164        0x2 Drivers\STM32F4xx_HAL_Driver\Src\stm32f4xx_hal_tim.o
                0x08003164                HAL_TIM_IC_CaptureCallback
 .text.HAL_TIM_PWM_PulseFinishedCallback
                0x08003166        0x2 Drivers\STM32F4xx_HAL_Driver\Src\stm32f4xx_hal_tim.o
                0x08003166                HAL_TIM_PWM_PulseFinishedCallback
 .text.HAL_TIM_TriggerCallback
                0x08003168        0x2 Drivers\STM32F4xx_HAL_Driver\Src\stm32f4xx_hal_tim.o
                0x08003168                HAL_TIM_TriggerCallback
 .text.HAL_TIM_IRQHandler
                0x0800316a      0x144 Drivers\STM32F4xx_HAL_Driver\Src\stm32f4xx_hal_tim.o
                0x0800316a                HAL_TIM_IRQHandler
 *fill*         0x080032ae        0x2 
 .text.TIM_Base_SetConfig
                0x080032b0       0xcc Drivers\STM32F4xx_HAL_Driver\Src\stm32f4xx_hal_tim.o
                0x080032b0                TIM_Base_SetConfig
 .text.HAL_TIM_Base_Init
                0x0800337c       0x34 Drivers\STM32F4xx_HAL_Driver\Src\stm32f4xx_hal_tim.o
                0x0800337c                HAL_TIM_Base_Init
 .text.TIM_ETR_SetConfig
                0x080033b0       0x14 Drivers\STM32F4xx_HAL_Driver\Src\stm32f4xx_hal_tim.o
                0x080033b0                TIM_ETR_SetConfig
 .text.HAL_TIM_ConfigClockSource
                0x080033c4      0x128 Drivers\STM32F4xx_HAL_Driver\Src\stm32f4xx_hal_tim.o
                0x080033c4                HAL_TIM_ConfigClockSource
 .text.HAL_TIMEx_MasterConfigSynchronization
                0x080034ec       0x84 Drivers\STM32F4xx_HAL_Driver\Src\stm32f4xx_hal_tim_ex.o
                0x080034ec                HAL_TIMEx_MasterConfigSynchronization
 .text.HAL_TIMEx_CommutCallback
                0x08003570        0x2 Drivers\STM32F4xx_HAL_Driver\Src\stm32f4xx_hal_tim_ex.o
                0x08003570                HAL_TIMEx_CommutCallback
 .text.HAL_TIMEx_BreakCallback
                0x08003572        0x2 Drivers\STM32F4xx_HAL_Driver\Src\stm32f4xx_hal_tim_ex.o
                0x08003572                HAL_TIMEx_BreakCallback
 .text.UART_SetConfig
                0x08003574       0xdc Drivers\STM32F4xx_HAL_Driver\Src\stm32f4xx_hal_uart.o
 .text.HAL_UART_Init
                0x08003650       0x5c Drivers\STM32F4xx_HAL_Driver\Src\stm32f4xx_hal_uart.o
                0x08003650                HAL_UART_Init
 .text.HAL_UART_Transmit_IT
                0x080036ac       0x3e Drivers\STM32F4xx_HAL_Driver\Src\stm32f4xx_hal_uart.o
                0x080036ac                HAL_UART_Transmit_IT
 .text.HAL_UART_Receive_IT
                0x080036ea       0x4e Drivers\STM32F4xx_HAL_Driver\Src\stm32f4xx_hal_uart.o
                0x080036ea                HAL_UART_Receive_IT
 .text.Reset_Handler
                0x08003738       0x50 startup\startup_stm32f446xx.o
                0x08003738                Reset_Handler
 .text.Default_Handler
                0x08003788        0x2 startup\startup_stm32f446xx.o
                0x08003788                RTC_Alarm_IRQHandler
                0x08003788                EXTI2_IRQHandler
                0x08003788                TIM8_CC_IRQHandler
                0x08003788                FMPI2C1_EV_IRQHandler
                0x08003788                SPI4_IRQHandler
                0x08003788                TIM1_CC_IRQHandler
                0x08003788                DMA2_Stream5_IRQHandler
                0x08003788                DMA1_Stream5_IRQHandler
                0x08003788                PVD_IRQHandler
                0x08003788                SDIO_IRQHandler
                0x08003788                TAMP_STAMP_IRQHandler
                0x08003788                CAN2_RX1_IRQHandler
                0x08003788                EXTI3_IRQHandler
                0x08003788                TIM8_TRG_COM_TIM14_IRQHandler
                0x08003788                TIM1_UP_TIM10_IRQHandler
                0x08003788                TIM8_UP_TIM13_IRQHandler
                0x08003788                I2C3_ER_IRQHandler
                0x08003788                EXTI0_IRQHandler
                0x08003788                I2C2_EV_IRQHandler
                0x08003788                DMA1_Stream2_IRQHandler
                0x08003788                CAN1_RX0_IRQHandler
                0x08003788                FPU_IRQHandler
                0x08003788                OTG_HS_WKUP_IRQHandler
                0x08003788                CAN2_SCE_IRQHandler
                0x08003788                DMA2_Stream2_IRQHandler
                0x08003788                SPI1_IRQHandler
                0x08003788                TIM6_DAC_IRQHandler
                0x08003788                TIM1_BRK_TIM9_IRQHandler
                0x08003788                DCMI_IRQHandler
                0x08003788                DMA2_Stream3_IRQHandler
                0x08003788                SAI2_IRQHandler
                0x08003788                USART6_IRQHandler
                0x08003788                USART3_IRQHandler
                0x08003788                CAN1_RX1_IRQHandler
                0x08003788                UART5_IRQHandler
                0x08003788                DMA2_Stream0_IRQHandler
                0x08003788                TIM4_IRQHandler
                0x08003788                QUADSPI_IRQHandler
                0x08003788                I2C1_EV_IRQHandler
                0x08003788                DMA1_Stream6_IRQHandler
                0x08003788                DMA1_Stream1_IRQHandler
                0x08003788                UART4_IRQHandler
                0x08003788                TIM3_IRQHandler
                0x08003788                RCC_IRQHandler
                0x08003788                TIM8_BRK_TIM12_IRQHandler
                0x08003788                Default_Handler
                0x08003788                CEC_IRQHandler
                0x08003788                EXTI15_10_IRQHandler
                0x08003788                ADC_IRQHandler
                0x08003788                DMA1_Stream7_IRQHandler
                0x08003788                TIM7_IRQHandler
                0x08003788                TIM5_IRQHandler
                0x08003788                DMA2_Stream7_IRQHandler
                0x08003788                I2C3_EV_IRQHandler
                0x08003788                EXTI9_5_IRQHandler
                0x08003788                RTC_WKUP_IRQHandler
                0x08003788                SPDIF_RX_IRQHandler
                0x08003788                SPI2_IRQHandler
                0x08003788                OTG_HS_EP1_IN_IRQHandler
                0x08003788                DMA1_Stream0_IRQHandler
                0x08003788                CAN1_TX_IRQHandler
                0x08003788                FMPI2C1_ER_IRQHandler
                0x08003788                EXTI4_IRQHandler
                0x08003788                OTG_HS_EP1_OUT_IRQHandler
                0x08003788                WWDG_IRQHandler
                0x08003788                OTG_FS_WKUP_IRQHandler
                0x08003788                TIM1_TRG_COM_TIM11_IRQHandler
                0x08003788                OTG_HS_IRQHandler
                0x08003788                EXTI1_IRQHandler
                0x08003788                USART2_IRQHandler
                0x08003788                I2C2_ER_IRQHandler
                0x08003788                DMA2_Stream1_IRQHandler
                0x08003788                CAN1_SCE_IRQHandler
                0x08003788                FLASH_IRQHandler
                0x08003788                DMA2_Stream4_IRQHandler
                0x08003788                USART1_IRQHandler
                0x08003788                OTG_FS_IRQHandler
                0x08003788                SPI3_IRQHandler
                0x08003788                DMA1_Stream4_IRQHandler
                0x08003788                I2C1_ER_IRQHandler
                0x08003788                FMC_IRQHandler
                0x08003788                DMA2_Stream6_IRQHandler
                0x08003788                SAI1_IRQHandler
                0x08003788                DMA1_Stream3_IRQHandler
 *fill*         0x0800378a        0x2 
 .text.__errno  0x0800378c        0xc c:/program files (x86)/atollic/truestudio for stm32 9.3.0/armtools/bin/../lib/gcc/arm-atollic-eabi/6.3.1/../../../../arm-atollic-eabi/lib/armv7e-m/fpu\libc_nano.a(lib_a-errno.o)
                0x0800378c                __errno
 .text.__libc_init_array
                0x08003798       0x48 c:/program files (x86)/atollic/truestudio for stm32 9.3.0/armtools/bin/../lib/gcc/arm-atollic-eabi/6.3.1/../../../../arm-atollic-eabi/lib/armv7e-m/fpu\libc_nano.a(lib_a-init.o)
                0x08003798                __libc_init_array
 .text.memset   0x080037e0       0x10 c:/program files (x86)/atollic/truestudio for stm32 9.3.0/armtools/bin/../lib/gcc/arm-atollic-eabi/6.3.1/../../../../arm-atollic-eabi/lib/armv7e-m/fpu\libc_nano.a(lib_a-memset.o)
                0x080037e0                memset
 .text.abort    0x080037f0        0xe c:/program files (x86)/atollic/truestudio for stm32 9.3.0/armtools/bin/../lib/gcc/arm-atollic-eabi/6.3.1/../../../../arm-atollic-eabi/lib/armv7e-m/fpu\libc_nano.a(lib_a-abort.o)
                0x080037f0                abort
 .text.memcpy   0x080037fe       0x16 c:/program files (x86)/atollic/truestudio for stm32 9.3.0/armtools/bin/../lib/gcc/arm-atollic-eabi/6.3.1/../../../../arm-atollic-eabi/lib/armv7e-m/fpu\libc_nano.a(lib_a-memcpy-stub.o)
                0x080037fe                memcpy
 .text._raise_r
                0x08003814       0x50 c:/program files (x86)/atollic/truestudio for stm32 9.3.0/armtools/bin/../lib/gcc/arm-atollic-eabi/6.3.1/../../../../arm-atollic-eabi/lib/armv7e-m/fpu\libc_nano.a(lib_a-signal.o)
                0x08003814                _raise_r
 .text.raise    0x08003864       0x10 c:/program files (x86)/atollic/truestudio for stm32 9.3.0/armtools/bin/../lib/gcc/arm-atollic-eabi/6.3.1/../../../../arm-atollic-eabi/lib/armv7e-m/fpu\libc_nano.a(lib_a-signal.o)
                0x08003864                raise
 .text._kill_r  0x08003874       0x24 c:/program files (x86)/atollic/truestudio for stm32 9.3.0/armtools/bin/../lib/gcc/arm-atollic-eabi/6.3.1/../../../../arm-atollic-eabi/lib/armv7e-m/fpu\libc_nano.a(lib_a-signalr.o)
                0x08003874                _kill_r
 .text._getpid_r
                0x08003898        0x4 c:/program files (x86)/atollic/truestudio for stm32 9.3.0/armtools/bin/../lib/gcc/arm-atollic-eabi/6.3.1/../../../../arm-atollic-eabi/lib/armv7e-m/fpu\libc_nano.a(lib_a-signalr.o)
                0x08003898                _getpid_r
 *(.glue_7)
 .glue_7        0x0800389c        0x0 linker stubs
 *(.glue_7t)
 .glue_7t       0x0800389c        0x0 linker stubs
 *(.eh_frame)
 .eh_frame      0x0800389c        0x0 c:/program files (x86)/atollic/truestudio for stm32 9.3.0/armtools/bin/../lib/gcc/arm-atollic-eabi/6.3.1/armv7e-m/fpu/crtbegin.o
 *(.init)
 .init          0x0800389c        0x4 c:/program files (x86)/atollic/truestudio for stm32 9.3.0/armtools/bin/../lib/gcc/arm-atollic-eabi/6.3.1/armv7e-m/fpu/crti.o
                0x0800389c                _init
 .init          0x080038a0        0x8 c:/program files (x86)/atollic/truestudio for stm32 9.3.0/armtools/bin/../lib/gcc/arm-atollic-eabi/6.3.1/armv7e-m/fpu/crtn.o
 *(.fini)
 .fini          0x080038a8        0x4 c:/program files (x86)/atollic/truestudio for stm32 9.3.0/armtools/bin/../lib/gcc/arm-atollic-eabi/6.3.1/armv7e-m/fpu/crti.o
                0x080038a8                _fini
 .fini          0x080038ac        0x8 c:/program files (x86)/atollic/truestudio for stm32 9.3.0/armtools/bin/../lib/gcc/arm-atollic-eabi/6.3.1/armv7e-m/fpu/crtn.o
                0x080038b4                . = ALIGN (0x4)
                0x080038b4                _etext = .

.vfp11_veneer   0x080038b4        0x0
 .vfp11_veneer  0x080038b4        0x0 linker stubs

.v4_bx          0x080038b4        0x0
 .v4_bx         0x080038b4        0x0 linker stubs

.iplt           0x080038b4        0x0
 .iplt          0x080038b4        0x0 c:/program files (x86)/atollic/truestudio for stm32 9.3.0/armtools/bin/../lib/gcc/arm-atollic-eabi/6.3.1/armv7e-m/fpu/crtbegin.o

.rodata         0x080038b4       0x18
                0x080038b4                . = ALIGN (0x4)
 *(.rodata)
 *(.rodata*)
 .rodata.AHBPrescTable
                0x080038b4       0x10 Core\Src\system_stm32f4xx.o
                0x080038b4                AHBPrescTable
 .rodata.APBPrescTable
                0x080038c4        0x8 Core\Src\system_stm32f4xx.o
                0x080038c4                APBPrescTable
                0x080038cc                . = ALIGN (0x4)

.ARM.extab      0x080038cc       0x48
 *(.ARM.extab* .gnu.linkonce.armextab.*)
 .ARM.extab.text.HAL_CAN_RxFifo0MsgPendingCallback
                0x080038cc        0xc Core\Src\main.o
 .ARM.extab.text.HAL_TIM_PeriodElapsedCallback
                0x080038d8        0xc Core\Src\main.o
 .ARM.extab.text.aggSensMemoria
                0x080038e4        0xc Core\Src\main.o
 .ARM.extab.text._Z18SystemClock_Configv
                0x080038f0        0xc Core\Src\main.o
 .ARM.extab     0x080038fc       0x18 c:/program files (x86)/atollic/truestudio for stm32 9.3.0/armtools/bin/../lib/gcc/arm-atollic-eabi/6.3.1/armv7e-m/fpu\libgcc.a(pr-support.o)

.ARM            0x08003914       0xf0
                0x08003914                __exidx_start = .
 *(.ARM.exidx*)
 .ARM.exidx.text.main
                0x080039cc        0x8 Core\Src\main.o
 .ARM.exidx.text.HAL_CAN_RxFifo0MsgPendingCallback
                0x080039d4        0x8 Core\Src\main.o
 .ARM.exidx.text.HAL_TIM_PeriodElapsedCallback
                0x080039dc        0x8 Core\Src\main.o
 .ARM.exidx.text.aggSensMemoria
                0x080039e4        0x8 Core\Src\main.o
 .ARM.exidx.text.RoutineAccelerometro
                0x080039ec        0x8 Core\Src\main.o
 .ARM.exidx.text.RoutineRF
                0x080039f4        0x0 Core\Src\main.o
                                  0x8 (size before relaxing)
 .ARM.exidx.text.RoutineGiroscopio
                0x080039f4        0x0 Core\Src\main.o
                                  0x8 (size before relaxing)
 .ARM.exidx.text.RoutineSmot
                0x080039f4        0x0 Core\Src\main.o
                                  0x8 (size before relaxing)
 .ARM.exidx.text.RoutineV
                0x080039f4        0x0 Core\Src\main.o
                                  0x8 (size before relaxing)
 .ARM.exidx.text.RoutineAPPS
                0x080039f4        0x0 Core\Src\main.o
                                  0x8 (size before relaxing)
 .ARM.exidx.text.RoutineTPS
                0x080039f4        0x0 Core\Src\main.o
                                  0x8 (size before relaxing)
 .ARM.exidx.text.RoutineDAC
                0x080039f4        0x0 Core\Src\main.o
                                  0x8 (size before relaxing)
 .ARM.exidx.text.RoutineFrizione
                0x080039f4        0x0 Core\Src\main.o
                                  0x8 (size before relaxing)
 .ARM.exidx.text.RoutineMarcia
                0x080039f4        0x0 Core\Src\main.o
                                  0x8 (size before relaxing)
 .ARM.exidx.text.RoutineTempAcqua
                0x080039f4        0x0 Core\Src\main.o
                                  0x8 (size before relaxing)
 .ARM.exidx.text.RoutineTempOlio
                0x080039f4        0x0 Core\Src\main.o
                                  0x8 (size before relaxing)
 .ARM.exidx.text.RoutineTempAria
                0x080039f4        0x0 Core\Src\main.o
                                  0x8 (size before relaxing)
 .ARM.exidx.text._Z18SystemClock_Configv
                0x080039f4        0x8 Core\Src\main.o
 .ARM.exidx.text.Error_Handler
                0x080039fc        0x8 Core\Src\main.o
 .ARM.exidx     0x08003914        0x8 c:/program files (x86)/atollic/truestudio for stm32 9.3.0/armtools/bin/../lib/gcc/arm-atollic-eabi/6.3.1/armv7e-m/fpu\libgcc.a(_udivmoddi4.o)
 .ARM.exidx     0x0800391c       0x78 c:/program files (x86)/atollic/truestudio for stm32 9.3.0/armtools/bin/../lib/gcc/arm-atollic-eabi/6.3.1/armv7e-m/fpu\libgcc.a(unwind-arm.o)
                                 0xd8 (size before relaxing)
 .ARM.exidx     0x08003994       0x38 c:/program files (x86)/atollic/truestudio for stm32 9.3.0/armtools/bin/../lib/gcc/arm-atollic-eabi/6.3.1/armv7e-m/fpu\libgcc.a(pr-support.o)
                                 0x48 (size before relaxing)
                0x08003a04                __exidx_end = .

.rel.dyn        0x08003a04        0x0
 .rel.iplt      0x08003a04        0x0 c:/program files (x86)/atollic/truestudio for stm32 9.3.0/armtools/bin/../lib/gcc/arm-atollic-eabi/6.3.1/armv7e-m/fpu/crtbegin.o

.preinit_array  0x08003a04        0x0
                0x08003a04                PROVIDE (__preinit_array_start, .)
 *(.preinit_array*)
                0x08003a04                PROVIDE (__preinit_array_end, .)

.init_array     0x08003a04        0x4
                0x08003a04                PROVIDE (__init_array_start, .)
 *(SORT(.init_array.*))
 *(.init_array*)
 .init_array    0x08003a04        0x4 c:/program files (x86)/atollic/truestudio for stm32 9.3.0/armtools/bin/../lib/gcc/arm-atollic-eabi/6.3.1/armv7e-m/fpu/crtbegin.o
                0x08003a08                PROVIDE (__init_array_end, .)

.fini_array     0x08003a08        0x4
                [!provide]                PROVIDE (__fini_array_start, .)
 *(SORT(.fini_array.*))
 *(.fini_array*)
 .fini_array    0x08003a08        0x4 c:/program files (x86)/atollic/truestudio for stm32 9.3.0/armtools/bin/../lib/gcc/arm-atollic-eabi/6.3.1/armv7e-m/fpu/crtbegin.o
                [!provide]                PROVIDE (__fini_array_end, .)
                0x08003a0c                _sidata = LOADADDR (.data)

.data           0x20000000      0x37c load address 0x08003a0c
                0x20000000                . = ALIGN (0x4)
                0x20000000                _sdata = .
 *(.data)
 .data          0x20000000      0x2f4 Core\Src\main.o
                0x20000000                SList
 *(.data*)
 .data.SystemCoreClock
                0x200002f4        0x4 Core\Src\system_stm32f4xx.o
                0x200002f4                SystemCoreClock
 .data.dataFormat
                0x200002f8       0x19 Core\Src\usart.o
                0x200002f8                dataFormat
 .data.uwTickFreq
                0x20000311        0x1 Drivers\STM32F4xx_HAL_Driver\Src\stm32f4xx_hal.o
                0x20000311                uwTickFreq
 *fill*         0x20000312        0x2 
 .data.uwTickPrio
                0x20000314        0x4 Drivers\STM32F4xx_HAL_Driver\Src\stm32f4xx_hal.o
                0x20000314                uwTickPrio
 .data._impure_ptr
                0x20000318        0x4 c:/program files (x86)/atollic/truestudio for stm32 9.3.0/armtools/bin/../lib/gcc/arm-atollic-eabi/6.3.1/../../../../arm-atollic-eabi/lib/armv7e-m/fpu\libc_nano.a(lib_a-impure.o)
                0x20000318                _impure_ptr
 .data.impure_data
                0x2000031c       0x60 c:/program files (x86)/atollic/truestudio for stm32 9.3.0/armtools/bin/../lib/gcc/arm-atollic-eabi/6.3.1/../../../../arm-atollic-eabi/lib/armv7e-m/fpu\libc_nano.a(lib_a-impure.o)
                0x2000037c                . = ALIGN (0x4)
                0x2000037c                _edata = .

.igot.plt       0x2000037c        0x0 load address 0x08003d88
 .igot.plt      0x2000037c        0x0 c:/program files (x86)/atollic/truestudio for stm32 9.3.0/armtools/bin/../lib/gcc/arm-atollic-eabi/6.3.1/armv7e-m/fpu/crtbegin.o
                0x2000037c                . = ALIGN (0x4)

.bss            0x2000037c     0x9e60 load address 0x08003d88
                0x2000037c                _sbss = .
                0x2000037c                __bss_start__ = _sbss
 *(.bss)
 .bss           0x2000037c       0x1c c:/program files (x86)/atollic/truestudio for stm32 9.3.0/armtools/bin/../lib/gcc/arm-atollic-eabi/6.3.1/armv7e-m/fpu/crtbegin.o
 .bss           0x20000398     0x9c98 Core\Src\main.o
                0x20000398                newCanRx
                0x2000039c                TxHeader
                0x200003b4                RxHeader
                0x200003d0                TxData
                0x200003d8                RxData
                0x200003e0                TxMailbox
                0x200003e4                Orario
                0x200003ea                d
                0x200003ec                Aggiornamento
                0x200003f0                inMemory
 *(.bss*)
 .bss.bufferRxUART
                0x2000a030        0x8 Core\Src\usart.o
                0x2000a030                bufferRxUART
 .bss.i         0x2000a038        0x2 Core\Src\usart.o
                0x2000a038                i
 *(COMMON)
 *fill*         0x2000a03a        0x2 
 COMMON         0x2000a03c       0x28 Core\Src\can.o
                0x2000a03c                hcan2
 COMMON         0x2000a064       0x14 Core\Src\dac.o
                0x2000a064                hdac
 COMMON         0x2000a078       0x84 Core\Src\sdio.o
                0x2000a078                hsd
 COMMON         0x2000a0fc       0x58 Core\Src\spi.o
                0x2000a0fc                hspi2
 COMMON         0x2000a154       0x40 Core\Src\tim.o
                0x2000a154                htim2
 COMMON         0x2000a194       0x40 Core\Src\usart.o
                0x2000a194                huart2
 COMMON         0x2000a1d4        0x4 Drivers\STM32F4xx_HAL_Driver\Src\stm32f4xx_hal.o
                0x2000a1d4                uwTick
 COMMON         0x2000a1d8        0x4 c:/program files (x86)/atollic/truestudio for stm32 9.3.0/armtools/bin/../lib/gcc/arm-atollic-eabi/6.3.1/../../../../arm-atollic-eabi/lib/armv7e-m/fpu\libc_nano.a(lib_a-reent.o)
                0x2000a1d8                errno
                0x2000a1dc                . = ALIGN (0x4)
                0x2000a1dc                _ebss = .
                0x2000a1dc                __bss_end__ = _ebss

._user_heap_stack
                0x2000a1dc      0x600 load address 0x08003d88
                0x2000a1dc                . = ALIGN (0x4)
                0x2000a1dc                PROVIDE (end, .)
                [!provide]                PROVIDE (_end, .)
                0x2000a3dc                . = (. + _Min_Heap_Size)
 *fill*         0x2000a1dc      0x200 
                0x2000a7dc                . = (. + _Min_Stack_Size)
 *fill*         0x2000a3dc      0x400 
                0x2000a7dc                . = ALIGN (0x4)

/DISCARD/
 libc.a(*)
 libm.a(*)
 libgcc.a(*)

.ARM.attributes
                0x00000000       0x30
 *(.ARM.attributes)
 .ARM.attributes
                0x00000000       0x22 c:/program files (x86)/atollic/truestudio for stm32 9.3.0/armtools/bin/../lib/gcc/arm-atollic-eabi/6.3.1/armv7e-m/fpu/crti.o
 .ARM.attributes
                0x00000022       0x34 c:/program files (x86)/atollic/truestudio for stm32 9.3.0/armtools/bin/../lib/gcc/arm-atollic-eabi/6.3.1/armv7e-m/fpu/crtbegin.o
 .ARM.attributes
                0x00000056       0x39 Core\Src\can.o
 .ARM.attributes
                0x0000008f       0x39 Core\Src\dac.o
 .ARM.attributes
                0x000000c8       0x39 Core\Src\gpio.o
 .ARM.attributes
                0x00000101       0x39 Core\Src\main.o
 .ARM.attributes
                0x0000013a       0x39 Core\Src\sdio.o
 .ARM.attributes
                0x00000173       0x39 Core\Src\spi.o
 .ARM.attributes
                0x000001ac       0x39 Core\Src\stm32f4xx_hal_msp.o
 .ARM.attributes
                0x000001e5       0x39 Core\Src\stm32f4xx_it.o
 .ARM.attributes
                0x0000021e       0x39 Core\Src\system_stm32f4xx.o
 .ARM.attributes
                0x00000257       0x39 Core\Src\tim.o
 .ARM.attributes
                0x00000290       0x39 Core\Src\usart.o
 .ARM.attributes
                0x000002c9       0x39 Drivers\STM32F4xx_HAL_Driver\Src\stm32f4xx_hal.o
 .ARM.attributes
                0x00000302       0x39 Drivers\STM32F4xx_HAL_Driver\Src\stm32f4xx_hal_can.o
 .ARM.attributes
                0x0000033b       0x39 Drivers\STM32F4xx_HAL_Driver\Src\stm32f4xx_hal_cortex.o
 .ARM.attributes
                0x00000374       0x39 Drivers\STM32F4xx_HAL_Driver\Src\stm32f4xx_hal_dac.o
 .ARM.attributes
                0x000003ad       0x39 Drivers\STM32F4xx_HAL_Driver\Src\stm32f4xx_hal_gpio.o
 .ARM.attributes
                0x000003e6       0x39 Drivers\STM32F4xx_HAL_Driver\Src\stm32f4xx_hal_rcc.o
 .ARM.attributes
                0x0000041f       0x39 Drivers\STM32F4xx_HAL_Driver\Src\stm32f4xx_hal_rcc_ex.o
 .ARM.attributes
                0x00000458       0x39 Drivers\STM32F4xx_HAL_Driver\Src\stm32f4xx_hal_spi.o
 .ARM.attributes
                0x00000491       0x39 Drivers\STM32F4xx_HAL_Driver\Src\stm32f4xx_hal_tim.o
 .ARM.attributes
                0x000004ca       0x39 Drivers\STM32F4xx_HAL_Driver\Src\stm32f4xx_hal_tim_ex.o
 .ARM.attributes
                0x00000503       0x39 Drivers\STM32F4xx_HAL_Driver\Src\stm32f4xx_hal_uart.o
 .ARM.attributes
                0x0000053c       0x21 startup\startup_stm32f446xx.o
 .ARM.attributes
                0x0000055d       0x34 c:/program files (x86)/atollic/truestudio for stm32 9.3.0/armtools/bin/../lib/gcc/arm-atollic-eabi/6.3.1/../../../../arm-atollic-eabi/lib/armv7e-m/fpu\libc_nano.a(lib_a-init.o)
 .ARM.attributes
                0x00000591       0x34 c:/program files (x86)/atollic/truestudio for stm32 9.3.0/armtools/bin/../lib/gcc/arm-atollic-eabi/6.3.1/../../../../arm-atollic-eabi/lib/armv7e-m/fpu\libc_nano.a(lib_a-memset.o)
 .ARM.attributes
                0x000005c5       0x22 c:/program files (x86)/atollic/truestudio for stm32 9.3.0/armtools/bin/../lib/gcc/arm-atollic-eabi/6.3.1/armv7e-m/fpu\libgcc.a(_aeabi_uldivmod.o)
 .ARM.attributes
                0x000005e7       0x34 c:/program files (x86)/atollic/truestudio for stm32 9.3.0/armtools/bin/../lib/gcc/arm-atollic-eabi/6.3.1/armv7e-m/fpu\libgcc.a(_udivmoddi4.o)
 .ARM.attributes
                0x0000061b       0x22 c:/program files (x86)/atollic/truestudio for stm32 9.3.0/armtools/bin/../lib/gcc/arm-atollic-eabi/6.3.1/armv7e-m/fpu\libgcc.a(_dvmd_tls.o)
 .ARM.attributes
                0x0000063d       0x22 c:/program files (x86)/atollic/truestudio for stm32 9.3.0/armtools/bin/../lib/gcc/arm-atollic-eabi/6.3.1/armv7e-m/fpu/crtn.o
OUTPUT(CANProject.elf elf32-littlearm)

.debug_info     0x00000000    0x154fc
 .debug_info    0x00000000      0xdac Core\Src\can.o
 .debug_info    0x00000dac      0xa13 Core\Src\dac.o
 .debug_info    0x000017bf      0x5c7 Core\Src\gpio.o
 .debug_info    0x00001d86     0x1f6e Core\Src\main.o
 .debug_info    0x00003cf4      0xbb1 Core\Src\sdio.o
 .debug_info    0x000048a5      0xb0c Core\Src\spi.o
 .debug_info    0x000053b1      0x3be Core\Src\stm32f4xx_hal_msp.o
 .debug_info    0x0000576f      0xaed Core\Src\stm32f4xx_it.o
 .debug_info    0x0000625c      0x58f Core\Src\system_stm32f4xx.o
 .debug_info    0x000067eb      0xcc3 Core\Src\tim.o
 .debug_info    0x000074ae      0xd80 Core\Src\usart.o
 .debug_info    0x0000822e      0xa66 Drivers\STM32F4xx_HAL_Driver\Src\stm32f4xx_hal.o
 .debug_info    0x00008c94     0x10ff Drivers\STM32F4xx_HAL_Driver\Src\stm32f4xx_hal_can.o
 .debug_info    0x00009d93      0xfa8 Drivers\STM32F4xx_HAL_Driver\Src\stm32f4xx_hal_cortex.o
 .debug_info    0x0000ad3b      0xaca Drivers\STM32F4xx_HAL_Driver\Src\stm32f4xx_hal_dac.o
 .debug_info    0x0000b805      0x814 Drivers\STM32F4xx_HAL_Driver\Src\stm32f4xx_hal_gpio.o
 .debug_info    0x0000c019      0xaed Drivers\STM32F4xx_HAL_Driver\Src\stm32f4xx_hal_rcc.o
 .debug_info    0x0000cb06      0xc39 Drivers\STM32F4xx_HAL_Driver\Src\stm32f4xx_hal_rcc_ex.o
 .debug_info    0x0000d73f     0x1deb Drivers\STM32F4xx_HAL_Driver\Src\stm32f4xx_hal_spi.o
 .debug_info    0x0000f52a     0x3521 Drivers\STM32F4xx_HAL_Driver\Src\stm32f4xx_hal_tim.o
 .debug_info    0x00012a4b     0x134f Drivers\STM32F4xx_HAL_Driver\Src\stm32f4xx_hal_tim_ex.o
 .debug_info    0x00013d9a     0x16b0 Drivers\STM32F4xx_HAL_Driver\Src\stm32f4xx_hal_uart.o
 .debug_info    0x0001544a       0xb2 startup\startup_stm32f446xx.o

.debug_abbrev   0x00000000     0x322f
 .debug_abbrev  0x00000000      0x208 Core\Src\can.o
 .debug_abbrev  0x00000208      0x1e8 Core\Src\dac.o
 .debug_abbrev  0x000003f0      0x173 Core\Src\gpio.o
 .debug_abbrev  0x00000563      0x2af Core\Src\main.o
 .debug_abbrev  0x00000812      0x1f5 Core\Src\sdio.o
 .debug_abbrev  0x00000a07      0x1eb Core\Src\spi.o
 .debug_abbrev  0x00000bf2      0x12e Core\Src\stm32f4xx_hal_msp.o
 .debug_abbrev  0x00000d20      0x1ef Core\Src\stm32f4xx_it.o
 .debug_abbrev  0x00000f0f      0x126 Core\Src\system_stm32f4xx.o
 .debug_abbrev  0x00001035      0x1e6 Core\Src\tim.o
 .debug_abbrev  0x0000121b      0x2ca Core\Src\usart.o
 .debug_abbrev  0x000014e5      0x239 Drivers\STM32F4xx_HAL_Driver\Src\stm32f4xx_hal.o
 .debug_abbrev  0x0000171e      0x2c4 Drivers\STM32F4xx_HAL_Driver\Src\stm32f4xx_hal_can.o
 .debug_abbrev  0x000019e2      0x314 Drivers\STM32F4xx_HAL_Driver\Src\stm32f4xx_hal_cortex.o
 .debug_abbrev  0x00001cf6      0x258 Drivers\STM32F4xx_HAL_Driver\Src\stm32f4xx_hal_dac.o
 .debug_abbrev  0x00001f4e      0x1ef Drivers\STM32F4xx_HAL_Driver\Src\stm32f4xx_hal_gpio.o
 .debug_abbrev  0x0000213d      0x2cb Drivers\STM32F4xx_HAL_Driver\Src\stm32f4xx_hal_rcc.o
 .debug_abbrev  0x00002408      0x20d Drivers\STM32F4xx_HAL_Driver\Src\stm32f4xx_hal_rcc_ex.o
 .debug_abbrev  0x00002615      0x335 Drivers\STM32F4xx_HAL_Driver\Src\stm32f4xx_hal_spi.o
 .debug_abbrev  0x0000294a      0x324 Drivers\STM32F4xx_HAL_Driver\Src\stm32f4xx_hal_tim.o
 .debug_abbrev  0x00002c6e      0x29c Drivers\STM32F4xx_HAL_Driver\Src\stm32f4xx_hal_tim_ex.o
 .debug_abbrev  0x00002f0a      0x313 Drivers\STM32F4xx_HAL_Driver\Src\stm32f4xx_hal_uart.o
 .debug_abbrev  0x0000321d       0x12 startup\startup_stm32f446xx.o

.debug_loc      0x00000000     0x92af
 .debug_loc     0x00000000       0x58 Core\Src\can.o
 .debug_loc     0x00000058       0x58 Core\Src\dac.o
 .debug_loc     0x000000b0       0x58 Core\Src\sdio.o
 .debug_loc     0x00000108       0x58 Core\Src\spi.o
 .debug_loc     0x00000160      0x11c Core\Src\system_stm32f4xx.o
 .debug_loc     0x0000027c       0x4d Core\Src\tim.o
 .debug_loc     0x000002c9      0x1da Core\Src\usart.o
 .debug_loc     0x000004a3      0x12e Drivers\STM32F4xx_HAL_Driver\Src\stm32f4xx_hal.o
 .debug_loc     0x000005d1      0xa46 Drivers\STM32F4xx_HAL_Driver\Src\stm32f4xx_hal_can.o
 .debug_loc     0x00001017      0x4fb Drivers\STM32F4xx_HAL_Driver\Src\stm32f4xx_hal_cortex.o
 .debug_loc     0x00001512      0x6bf Drivers\STM32F4xx_HAL_Driver\Src\stm32f4xx_hal_dac.o
 .debug_loc     0x00001bd1      0x362 Drivers\STM32F4xx_HAL_Driver\Src\stm32f4xx_hal_gpio.o
 .debug_loc     0x00001f33      0x346 Drivers\STM32F4xx_HAL_Driver\Src\stm32f4xx_hal_rcc.o
 .debug_loc     0x00002279      0xa31 Drivers\STM32F4xx_HAL_Driver\Src\stm32f4xx_hal_rcc_ex.o
 .debug_loc     0x00002caa     0x1830 Drivers\STM32F4xx_HAL_Driver\Src\stm32f4xx_hal_spi.o
 .debug_loc     0x000044da     0x3009 Drivers\STM32F4xx_HAL_Driver\Src\stm32f4xx_hal_tim.o
 .debug_loc     0x000074e3      0xa7c Drivers\STM32F4xx_HAL_Driver\Src\stm32f4xx_hal_tim_ex.o
 .debug_loc     0x00007f5f     0x1350 Drivers\STM32F4xx_HAL_Driver\Src\stm32f4xx_hal_uart.o

.debug_aranges  0x00000000      0xda0
 .debug_aranges
                0x00000000       0x30 Core\Src\can.o
 .debug_aranges
                0x00000030       0x30 Core\Src\dac.o
 .debug_aranges
                0x00000060       0x20 Core\Src\gpio.o
 .debug_aranges
                0x00000080       0xb8 Core\Src\main.o
 .debug_aranges
                0x00000138       0x30 Core\Src\sdio.o
 .debug_aranges
                0x00000168       0x30 Core\Src\spi.o
 .debug_aranges
                0x00000198       0x20 Core\Src\stm32f4xx_hal_msp.o
 .debug_aranges
                0x000001b8       0x58 Core\Src\stm32f4xx_it.o
 .debug_aranges
                0x00000210       0x28 Core\Src\system_stm32f4xx.o
 .debug_aranges
                0x00000238       0x30 Core\Src\tim.o
 .debug_aranges
                0x00000268       0x60 Core\Src\usart.o
 .debug_aranges
                0x000002c8       0xe8 Drivers\STM32F4xx_HAL_Driver\Src\stm32f4xx_hal.o
 .debug_aranges
                0x000003b0       0xc8 Drivers\STM32F4xx_HAL_Driver\Src\stm32f4xx_hal_can.o
 .debug_aranges
                0x00000478       0xa8 Drivers\STM32F4xx_HAL_Driver\Src\stm32f4xx_hal_cortex.o
 .debug_aranges
                0x00000520       0x98 Drivers\STM32F4xx_HAL_Driver\Src\stm32f4xx_hal_dac.o
 .debug_aranges
                0x000005b8       0x58 Drivers\STM32F4xx_HAL_Driver\Src\stm32f4xx_hal_gpio.o
 .debug_aranges
                0x00000610       0x88 Drivers\STM32F4xx_HAL_Driver\Src\stm32f4xx_hal_rcc.o
 .debug_aranges
                0x00000698       0x78 Drivers\STM32F4xx_HAL_Driver\Src\stm32f4xx_hal_rcc_ex.o
 .debug_aranges
                0x00000710      0x188 Drivers\STM32F4xx_HAL_Driver\Src\stm32f4xx_hal_spi.o
 .debug_aranges
                0x00000898      0x278 Drivers\STM32F4xx_HAL_Driver\Src\stm32f4xx_hal_tim.o
 .debug_aranges
                0x00000b10       0xf8 Drivers\STM32F4xx_HAL_Driver\Src\stm32f4xx_hal_tim_ex.o
 .debug_aranges
                0x00000c08      0x170 Drivers\STM32F4xx_HAL_Driver\Src\stm32f4xx_hal_uart.o
 .debug_aranges
                0x00000d78       0x28 startup\startup_stm32f446xx.o

.debug_ranges   0x00000000     0x1010
 .debug_ranges  0x00000000       0x38 Core\Src\can.o
 .debug_ranges  0x00000038       0x38 Core\Src\dac.o
 .debug_ranges  0x00000070       0x48 Core\Src\gpio.o
 .debug_ranges  0x000000b8       0xa8 Core\Src\main.o
 .debug_ranges  0x00000160       0x50 Core\Src\sdio.o
 .debug_ranges  0x000001b0       0x50 Core\Src\spi.o
 .debug_ranges  0x00000200       0x28 Core\Src\stm32f4xx_hal_msp.o
 .debug_ranges  0x00000228       0x48 Core\Src\stm32f4xx_it.o
 .debug_ranges  0x00000270       0x18 Core\Src\system_stm32f4xx.o
 .debug_ranges  0x00000288       0x38 Core\Src\tim.o
 .debug_ranges  0x000002c0       0x80 Core\Src\usart.o
 .debug_ranges  0x00000340       0xd8 Drivers\STM32F4xx_HAL_Driver\Src\stm32f4xx_hal.o
 .debug_ranges  0x00000418       0xb8 Drivers\STM32F4xx_HAL_Driver\Src\stm32f4xx_hal_can.o
 .debug_ranges  0x000004d0      0x128 Drivers\STM32F4xx_HAL_Driver\Src\stm32f4xx_hal_cortex.o
 .debug_ranges  0x000005f8       0x88 Drivers\STM32F4xx_HAL_Driver\Src\stm32f4xx_hal_dac.o
 .debug_ranges  0x00000680       0x68 Drivers\STM32F4xx_HAL_Driver\Src\stm32f4xx_hal_gpio.o
 .debug_ranges  0x000006e8       0xb0 Drivers\STM32F4xx_HAL_Driver\Src\stm32f4xx_hal_rcc.o
 .debug_ranges  0x00000798       0x80 Drivers\STM32F4xx_HAL_Driver\Src\stm32f4xx_hal_rcc_ex.o
 .debug_ranges  0x00000818      0x238 Drivers\STM32F4xx_HAL_Driver\Src\stm32f4xx_hal_spi.o
 .debug_ranges  0x00000a50      0x340 Drivers\STM32F4xx_HAL_Driver\Src\stm32f4xx_hal_tim.o
 .debug_ranges  0x00000d90       0xe8 Drivers\STM32F4xx_HAL_Driver\Src\stm32f4xx_hal_tim_ex.o
 .debug_ranges  0x00000e78      0x178 Drivers\STM32F4xx_HAL_Driver\Src\stm32f4xx_hal_uart.o
 .debug_ranges  0x00000ff0       0x20 startup\startup_stm32f446xx.o

.debug_line     0x00000000     0x71ae
 .debug_line    0x00000000      0x2ba Core\Src\can.o
 .debug_line    0x000002ba      0x291 Core\Src\dac.o
 .debug_line    0x0000054b      0x217 Core\Src\gpio.o
 .debug_line    0x00000762      0x4d7 Core\Src\main.o
 .debug_line    0x00000c39      0x2cb Core\Src\sdio.o
 .debug_line    0x00000f04      0x2bb Core\Src\spi.o
 .debug_line    0x000011bf      0x207 Core\Src\stm32f4xx_hal_msp.o
 .debug_line    0x000013c6      0x2c0 Core\Src\stm32f4xx_it.o
 .debug_line    0x00001686      0x212 Core\Src\system_stm32f4xx.o
 .debug_line    0x00001898      0x2b3 Core\Src\tim.o
 .debug_line    0x00001b4b      0x361 Core\Src\usart.o
 .debug_line    0x00001eac      0x420 Drivers\STM32F4xx_HAL_Driver\Src\stm32f4xx_hal.o
 .debug_line    0x000022cc      0x5f8 Drivers\STM32F4xx_HAL_Driver\Src\stm32f4xx_hal_can.o
 .debug_line    0x000028c4      0x469 Drivers\STM32F4xx_HAL_Driver\Src\stm32f4xx_hal_cortex.o
 .debug_line    0x00002d2d      0x4b2 Drivers\STM32F4xx_HAL_Driver\Src\stm32f4xx_hal_dac.o
 .debug_line    0x000031df      0x3e5 Drivers\STM32F4xx_HAL_Driver\Src\stm32f4xx_hal_gpio.o
 .debug_line    0x000035c4      0x51a Drivers\STM32F4xx_HAL_Driver\Src\stm32f4xx_hal_rcc.o
 .debug_line    0x00003ade      0x6f3 Drivers\STM32F4xx_HAL_Driver\Src\stm32f4xx_hal_rcc_ex.o
 .debug_line    0x000041d1      0xb7e Drivers\STM32F4xx_HAL_Driver\Src\stm32f4xx_hal_spi.o
 .debug_line    0x00004d4f     0x1197 Drivers\STM32F4xx_HAL_Driver\Src\stm32f4xx_hal_tim.o
 .debug_line    0x00005ee6      0x6b4 Drivers\STM32F4xx_HAL_Driver\Src\stm32f4xx_hal_tim_ex.o
 .debug_line    0x0000659a      0xb95 Drivers\STM32F4xx_HAL_Driver\Src\stm32f4xx_hal_uart.o
 .debug_line    0x0000712f       0x7f startup\startup_stm32f446xx.o

.debug_str      0x00000000     0x50b7
 .debug_str     0x00000000      0xbd5 Core\Src\can.o
                                0xd74 (size before relaxing)
 .debug_str     0x00000bd5      0x340 Core\Src\dac.o
                                0x8c2 (size before relaxing)
 .debug_str     0x00000f15       0x4e Core\Src\gpio.o
                                0x4d0 (size before relaxing)
 .debug_str     0x00000f63      0xe4e Core\Src\main.o
                               0x1a29 (size before relaxing)
 .debug_str     0x00001db1       0x4c Core\Src\sdio.o
                                0x961 (size before relaxing)
 .debug_str     0x00001dfd       0x58 Core\Src\spi.o
                                0x947 (size before relaxing)
 .debug_str     0x00001e55       0x49 Core\Src\stm32f4xx_hal_msp.o
                                0x435 (size before relaxing)
 .debug_str     0x00001e9e      0x114 Core\Src\stm32f4xx_it.o
                                0xa70 (size before relaxing)
 .debug_str     0x00001fb2       0xaf Core\Src\system_stm32f4xx.o
                                0x48f (size before relaxing)
 .debug_str     0x00002061      0x149 Core\Src\tim.o
                                0xf0c (size before relaxing)
 .debug_str     0x000021aa      0x118 Core\Src\usart.o
                                0xa34 (size before relaxing)
 .debug_str     0x000022c2      0x2a6 Drivers\STM32F4xx_HAL_Driver\Src\stm32f4xx_hal.o
                                0xc62 (size before relaxing)
 .debug_str     0x00002568      0x4c2 Drivers\STM32F4xx_HAL_Driver\Src\stm32f4xx_hal_can.o
                                0xb6c (size before relaxing)
 .debug_str     0x00002a2a      0x42d Drivers\STM32F4xx_HAL_Driver\Src\stm32f4xx_hal_cortex.o
                                0xd7c (size before relaxing)
 .debug_str     0x00002e57      0x1ea Drivers\STM32F4xx_HAL_Driver\Src\stm32f4xx_hal_dac.o
                                0x8e3 (size before relaxing)
 .debug_str     0x00003041      0x128 Drivers\STM32F4xx_HAL_Driver\Src\stm32f4xx_hal_gpio.o
                                0x626 (size before relaxing)
 .debug_str     0x00003169      0x1ae Drivers\STM32F4xx_HAL_Driver\Src\stm32f4xx_hal_rcc.o
                                0x809 (size before relaxing)
 .debug_str     0x00003317      0x1af Drivers\STM32F4xx_HAL_Driver\Src\stm32f4xx_hal_rcc_ex.o
                                0x901 (size before relaxing)
 .debug_str     0x000034c6      0x51a Drivers\STM32F4xx_HAL_Driver\Src\stm32f4xx_hal_spi.o
                                0xcea (size before relaxing)
 .debug_str     0x000039e0      0xd48 Drivers\STM32F4xx_HAL_Driver\Src\stm32f4xx_hal_tim.o
                               0x15de (size before relaxing)
 .debug_str     0x00004728      0x4d8 Drivers\STM32F4xx_HAL_Driver\Src\stm32f4xx_hal_tim_ex.o
                                0xdf6 (size before relaxing)
 .debug_str     0x00004c00      0x4b7 Drivers\STM32F4xx_HAL_Driver\Src\stm32f4xx_hal_uart.o
                                0xd42 (size before relaxing)

.comment        0x00000000       0x7c
 .comment       0x00000000       0x7c Core\Src\can.o
                                 0x7d (size before relaxing)
 .comment       0x0000007c       0x7d Core\Src\dac.o
 .comment       0x0000007c       0x7d Core\Src\gpio.o
 .comment       0x0000007c       0x7d Core\Src\main.o
 .comment       0x0000007c       0x7d Core\Src\sdio.o
 .comment       0x0000007c       0x7d Core\Src\spi.o
 .comment       0x0000007c       0x7d Core\Src\stm32f4xx_hal_msp.o
 .comment       0x0000007c       0x7d Core\Src\stm32f4xx_it.o
 .comment       0x0000007c       0x7d Core\Src\system_stm32f4xx.o
 .comment       0x0000007c       0x7d Core\Src\tim.o
 .comment       0x0000007c       0x7d Core\Src\usart.o
 .comment       0x0000007c       0x7d Drivers\STM32F4xx_HAL_Driver\Src\stm32f4xx_hal.o
 .comment       0x0000007c       0x7d Drivers\STM32F4xx_HAL_Driver\Src\stm32f4xx_hal_can.o
 .comment       0x0000007c       0x7d Drivers\STM32F4xx_HAL_Driver\Src\stm32f4xx_hal_cortex.o
 .comment       0x0000007c       0x7d Drivers\STM32F4xx_HAL_Driver\Src\stm32f4xx_hal_dac.o
 .comment       0x0000007c       0x7d Drivers\STM32F4xx_HAL_Driver\Src\stm32f4xx_hal_gpio.o
 .comment       0x0000007c       0x7d Drivers\STM32F4xx_HAL_Driver\Src\stm32f4xx_hal_rcc.o
 .comment       0x0000007c       0x7d Drivers\STM32F4xx_HAL_Driver\Src\stm32f4xx_hal_rcc_ex.o
 .comment       0x0000007c       0x7d Drivers\STM32F4xx_HAL_Driver\Src\stm32f4xx_hal_spi.o
 .comment       0x0000007c       0x7d Drivers\STM32F4xx_HAL_Driver\Src\stm32f4xx_hal_tim.o
 .comment       0x0000007c       0x7d Drivers\STM32F4xx_HAL_Driver\Src\stm32f4xx_hal_tim_ex.o
 .comment       0x0000007c       0x7d Drivers\STM32F4xx_HAL_Driver\Src\stm32f4xx_hal_uart.o

.debug_frame    0x00000000     0x2a14
 .debug_frame   0x00000000       0x70 Core\Src\can.o
 .debug_frame   0x00000070       0x5c Core\Src\dac.o
 .debug_frame   0x000000cc       0x34 Core\Src\gpio.o
 .debug_frame   0x00000100      0x30c Core\Src\main.o
 .debug_frame   0x0000040c       0x64 Core\Src\sdio.o
 .debug_frame   0x00000470       0x74 Core\Src\spi.o
 .debug_frame   0x000004e4       0x28 Core\Src\stm32f4xx_hal_msp.o
 .debug_frame   0x0000050c       0xd0 Core\Src\stm32f4xx_it.o
 .debug_frame   0x000005dc       0x38 Core\Src\system_stm32f4xx.o
 .debug_frame   0x00000614       0x50 Core\Src\tim.o
 .debug_frame   0x00000664      0x110 Core\Src\usart.o
 .debug_frame   0x00000774      0x1f4 Drivers\STM32F4xx_HAL_Driver\Src\stm32f4xx_hal.o
 .debug_frame   0x00000968      0x2cc Drivers\STM32F4xx_HAL_Driver\Src\stm32f4xx_hal_can.o
 .debug_frame   0x00000c34      0x158 Drivers\STM32F4xx_HAL_Driver\Src\stm32f4xx_hal_cortex.o
 .debug_frame   0x00000d8c      0x1dc Drivers\STM32F4xx_HAL_Driver\Src\stm32f4xx_hal_dac.o
 .debug_frame   0x00000f68       0xd8 Drivers\STM32F4xx_HAL_Driver\Src\stm32f4xx_hal_gpio.o
 .debug_frame   0x00001040      0x13c Drivers\STM32F4xx_HAL_Driver\Src\stm32f4xx_hal_rcc.o
 .debug_frame   0x0000117c      0x150 Drivers\STM32F4xx_HAL_Driver\Src\stm32f4xx_hal_rcc_ex.o
 .debug_frame   0x000012cc      0x574 Drivers\STM32F4xx_HAL_Driver\Src\stm32f4xx_hal_spi.o
 .debug_frame   0x00001840      0x928 Drivers\STM32F4xx_HAL_Driver\Src\stm32f4xx_hal_tim.o
 .debug_frame   0x00002168      0x360 Drivers\STM32F4xx_HAL_Driver\Src\stm32f4xx_hal_tim_ex.o
 .debug_frame   0x000024c8      0x4a0 Drivers\STM32F4xx_HAL_Driver\Src\stm32f4xx_hal_uart.o
 .debug_frame   0x00002968       0x2c c:/program files (x86)/atollic/truestudio for stm32 9.3.0/armtools/bin/../lib/gcc/arm-atollic-eabi/6.3.1/../../../../arm-atollic-eabi/lib/armv7e-m/fpu\libc_nano.a(lib_a-init.o)
 .debug_frame   0x00002994       0x20 c:/program files (x86)/atollic/truestudio for stm32 9.3.0/armtools/bin/../lib/gcc/arm-atollic-eabi/6.3.1/../../../../arm-atollic-eabi/lib/armv7e-m/fpu\libc_nano.a(lib_a-memset.o)
 .debug_frame   0x000029b4       0x2c c:/program files (x86)/atollic/truestudio for stm32 9.3.0/armtools/bin/../lib/gcc/arm-atollic-eabi/6.3.1/armv7e-m/fpu\libgcc.a(_aeabi_uldivmod.o)
 .debug_frame   0x000029e0       0x34 c:/program files (x86)/atollic/truestudio for stm32 9.3.0/armtools/bin/../lib/gcc/arm-atollic-eabi/6.3.1/armv7e-m/fpu\libgcc.a(_udivmoddi4.o)
