main.cpp:107:5:int main()	8	static
main.cpp:153:6:void sensCanReq()	4	static
main.cpp:157:6:void aggSensMemoria()	32	static
main.cpp:177:6:void RoutineAccelerometro(uint16_t*, uint8_t)	16	static
main.cpp:180:6:void RoutineRF(uint16_t*, uint8_t)	16	static
main.cpp:183:6:void RoutineGiroscopio(uint16_t*, uint8_t)	16	static
main.cpp:186:6:void RoutineSmot(uint16_t*, uint8_t)	16	static
main.cpp:189:6:void RoutineV(uint16_t*, uint8_t)	16	static
main.cpp:192:6:void RoutineAPPS(uint16_t*, uint8_t)	16	static
main.cpp:195:6:void RoutineTPS(uint16_t*, uint8_t)	16	static
main.cpp:198:6:void RoutineDAC(uint16_t*, uint8_t)	16	static
main.cpp:201:6:void RoutineFrizione(uint16_t*, uint8_t)	16	static
main.cpp:204:6:void RoutineMarcia(uint16_t*, uint8_t)	16	static
main.cpp:207:6:void RoutineTempAcqua(uint16_t*, uint8_t)	16	static
main.cpp:210:6:void RoutineTempOlio(uint16_t*, uint8_t)	16	static
main.cpp:213:6:void RoutineTempAria(uint16_t*, uint8_t)	16	static
main.cpp:222:6:void SystemClock_Config()	184	static
main.cpp:274:6:void Error_Handler()	4	static
