main.cpp:107:5:int main()	8	static
main.cpp:152:6:void HAL_CAN_RxFifo0MsgPendingCallback(CAN_HandleTypeDef*)	16	static
main.cpp:179:6:void sensCanReq()	4	static
main.cpp:183:6:void HAL_TIM_PeriodElapsedCallback(TIM_HandleTypeDef*)	16	static
main.cpp:205:6:void aggSensMemoria()	32	static
main.cpp:225:6:void RoutineAccelerometro(uint16_t*, uint8_t)	16	static
main.cpp:228:6:void RoutineRF(uint16_t*, uint8_t)	16	static
main.cpp:231:6:void RoutineGiroscopio(uint16_t*, uint8_t)	16	static
main.cpp:234:6:void RoutineSmot(uint16_t*, uint8_t)	16	static
main.cpp:237:6:void RoutineV(uint16_t*, uint8_t)	16	static
main.cpp:240:6:void RoutineAPPS(uint16_t*, uint8_t)	16	static
main.cpp:243:6:void RoutineTPS(uint16_t*, uint8_t)	16	static
main.cpp:246:6:void RoutineDAC(uint16_t*, uint8_t)	16	static
main.cpp:249:6:void RoutineFrizione(uint16_t*, uint8_t)	16	static
main.cpp:252:6:void RoutineMarcia(uint16_t*, uint8_t)	16	static
main.cpp:255:6:void RoutineTempAcqua(uint16_t*, uint8_t)	16	static
main.cpp:258:6:void RoutineTempOlio(uint16_t*, uint8_t)	16	static
main.cpp:261:6:void RoutineTempAria(uint16_t*, uint8_t)	16	static
main.cpp:270:6:void SystemClock_Config()	184	static
main.cpp:322:6:void Error_Handler()	4	static
