main.cpp:125:5:int main()	8	static
main.cpp:175:6:void SystemClock_Config()	184	static
main.cpp:224:6:void HAL_CAN_RxFifo0MsgPendingCallback(CAN_HandleTypeDef*)	16	static
main.cpp:251:6:void sensCanReq()	4	static
main.cpp:255:6:void HAL_TIM_PeriodElapsedCallback(TIM_HandleTypeDef*)	16	static
main.cpp:273:6:void aggSensMemoria()	32	static
main.cpp:294:6:void RoutineAccelerometro(uint16_t*, uint8_t)	16	static
main.cpp:297:6:void RoutineRF(uint16_t*, uint8_t)	16	static
main.cpp:300:6:void RoutineGiroscopio(uint16_t*, uint8_t)	16	static
main.cpp:303:6:void RoutineSmot(uint16_t*, uint8_t)	16	static
main.cpp:306:6:void RoutineV(uint16_t*, uint8_t)	16	static
main.cpp:309:6:void RoutineAPPS(uint16_t*, uint8_t)	16	static
main.cpp:312:6:void RoutineTPS(uint16_t*, uint8_t)	16	static
main.cpp:315:6:void RoutineDAC(uint16_t*, uint8_t)	16	static
main.cpp:318:6:void RoutineFrizione(uint16_t*, uint8_t)	16	static
main.cpp:321:6:void RoutineMarcia(uint16_t*, uint8_t)	16	static
main.cpp:324:6:void RoutineTempAcqua(uint16_t*, uint8_t)	16	static
main.cpp:327:6:void RoutineTempOlio(uint16_t*, uint8_t)	16	static
main.cpp:330:6:void RoutineTempAria(uint16_t*, uint8_t)	16	static
main.cpp:339:6:void Error_Handler()	4	static
